cargo : warning: hiding a lifetime that's elided 
elsewhere is confusing
At D:\GitHub\Lucidity\build_check.ps1:2 char:1
+ cargo build -p lucidity-host 2>&1 | Tee-Object 
-FilePath "build_outpu ...
+ ~~~~~~~~~~~~~~~~~~~~~~~~~~~~~~~~~
    + CategoryInfo          : NotSpecified: (warning 
   : hiding...re is confusing:String) [], RemoteExc  
  eption
    + FullyQualifiedErrorId : NativeCommandError
 
   --> filedescriptor\src\windows.rs:324:18
    |
324 | ...et(&self) -> BorrowedSocket {
    |       ^^^^^     ^^^^^^^^^^^^^^ the same 
lifetime is hidden here
    |       |
    |       the lifetime is elided here
    |
    = help: the same lifetime is referred to in 
inconsistent ways, making the signature confusing
    = note: `#[warn(mismatched_lifetime_syntaxes)]` 
on by default
help: use `'_` for type paths
    |
324 |     fn as_socket(&self) -> BorrowedSocket<'_> {
    |                                          ++++

warning: `filedescriptor` (lib) generated 1 warning 
(run `cargo fix --lib -p filedescriptor` to apply 1 
suggestion)
warning: hiding a lifetime that's elided elsewhere 
is confusing
   --> termwiz\src\terminal\windows.rs:773:27
    |
773 | ...es(&mut self) -> Option<ProbeCapabilities> {
    |       ^^^^^^^^^            ^^^^^^^^^^^^^^^^^ 
the same lifetime is hidden here
    |       |
    |       the lifetime is elided here
    |
    = help: the same lifetime is referred to in 
inconsistent ways, making the signature confusing
    = note: `#[warn(mismatched_lifetime_syntaxes)]` 
on by default
help: use `'_` for type paths
    |
773 |     fn probe_capabilities(&mut self) -> 
Option<ProbeCapabilities<'_>> {
    |                                                
                 ++++

warning: `termwiz` (lib) generated 1 warning (run 
`cargo fix --lib -p termwiz` to apply 1 suggestion)
warning: hiding a lifetime that's elided elsewhere 
is confusing
  --> procinfo\src\windows.rs:36:17
   |
36 | ...er(&self) -> ProcIter {
   |       ^^^^^     ^^^^^^^^ the same lifetime is 
hidden here
   |       |
   |       the lifetime is elided here
   |
   = help: the same lifetime is referred to in 
inconsistent ways, making the signature confusing
   = note: `#[warn(mismatched_lifetime_syntaxes)]` 
on by default
help: use `'_` for type paths
   |
36 |     pub fn iter(&self) -> ProcIter<'_> {
   |                                   ++++

warning: `procinfo` (lib) generated 1 warning (run 
`cargo fix --lib -p procinfo` to apply 1 suggestion)
warning: variable does not need to be mutable
   --> mux\src\localpane.rs:230:13
    |
230 | ...et mut pty = se...
    |       ----^^^
    |       |
    |       help: remove this `mut`
    |
    = note: `#[warn(unused_mut)]` (part of 
`#[warn(unused)]`) on by default

warning: `mux` (lib) generated 1 warning (run `cargo 
fix --lib -p mux` to apply 1 suggestion)
   Compiling lucidity-host v0.1.0 
(D:\GitHub\Lucidity\lucidity-host)
warning: unused imports: `Deserialize` and 
`Serialize`
 --> lucidity-host\src\bridge.rs:4:13
  |
4 | use serde::{Deserialize, Serialize};
  |             ^^^^^^^^^^^  ^^^^^^^^^
  |
  = note: `#[warn(unused_imports)]` (part of 
`#[warn(unused)]`) on by default

warning: unused import: `formats`
 --> lucidity-host\src\clipboard.rs:1:43
  |
1 | use clipboard_win::{get_clipboard_string, 
formats};
  |                                           ^^^^^^^

warning: unused imports: `Arc` and `Mutex`
 --> lucidity-host\src\registry.rs:1:17
  |
1 | use std::sync::{Arc, Mutex};
  |                 ^^^  ^^^^^

warning: unused imports: `Deserialize` and 
`Serialize`
  --> lucidity-host\src\relay_client.rs:14:13
   |
14 | use serde::{Deserialize, Serialize};
   |             ^^^^^^^^^^^  ^^^^^^^^^

warning: unused import: `PaneInfo`
  --> lucidity-host\src\relay_client.rs:18:33
   |
18 | use crate::bridge::{PaneBridge, PaneInfo};
   |                                 ^^^^^^^^

warning: unused import: `PaneInfo`
 --> lucidity-host\src\server.rs:1:33
  |
1 | use crate::bridge::{PaneBridge, PaneInfo};
  |                                 ^^^^^^^^

warning: unused import: `current_pairing_payload`
 --> lucidity-host\src\server.rs:2:26
  |
2 | use 
crate::pairing_api::{current_pairing_payload, 
handle_pairing_submit, list_trusted_devices, 
pairing_payload_with_p2p};
  |                          ^^^^^^^^^^^^^^^^^^^^^^^

warning: unused imports: `Deserialize` and 
`Serialize`
 --> lucidity-host\src\server.rs:7:13
  |
7 | use serde::{Deserialize, Serialize};
  |             ^^^^^^^^^^^  ^^^^^^^^^

warning: variable does not need to be mutable
   --> lucidity-host\src\relay_client.rs:384:25
    |
384 |                     let mut a = 
attached.lock().await;
    |                         ----^
    |                         |
    |                         help: remove this `mut`
    |
    = note: `#[warn(unused_mut)]` (part of 
`#[warn(unused)]`) on by default

warning: method `unregister` is never used
  --> lucidity-host\src\registry.rs:28:12
   |
16 | impl ClientRegistry {
   | ------------------- method in this 
implementation
...
28 |     pub fn unregister(&self, id: &ClientId) {
   |            ^^^^^^^^^^
   |
   = note: `#[warn(dead_code)]` (part of 
`#[warn(unused)]`) on by default

warning: `lucidity-host` (lib) generated 10 warnings 
(run `cargo fix --lib -p lucidity-host` to apply 9 
suggestions)
    Finished `dev` profile [unoptimized + debuginfo] 
target(s) in 7.24s
